
  .Γ¿»......
  ΓöÇΓöÇΓöÇΓöÇΓöÇΓöÇΓöÇΓöÇΓöÇΓöÇΓöÇΓöÇΓöÇΓöÇΓöÇΓöÇΓöÇ  
   FAILED  TestsΓÇª   
  Expected response status code [200] but received 500.
Failed asserting that 500 is identical to 200.

The following exception occurred during the last request:

ErrorException: Undefined variable $sections in C:\Users\ENGINEER\Herd\be\app\Commands\Documentation\BulkUpsertDocumentation.php:57
Stack trace:
#0 C:\Users\ENGINEER\Herd\be\vendor\laravel\framework\src\Illuminate\Foundation\Bootstrap\HandleExceptions.php(258): Illuminate\Foundation\Bootstrap\HandleExceptions->handleError(2, 'Undefined varia...', 'C:\\Users\\ENGINE...', 57)
#1 C:\Users\ENGINEER\Herd\be\app\Commands\Documentation\BulkUpsertDocumentation.php(57): Illuminate\Foundation\Bootstrap\HandleExceptions->{closure:Illuminate\Foundation\Bootstrap\HandleExceptions::forwardsTo():257}(2, 'Undefined varia...', 'C:\\Users\\ENGINE...', 57)
#2 C:\Users\ENGINEER\Herd\be\vendor\laravel\framework\src\Illuminate\Pipeline\Pipeline.php(219): App\Commands\Documentation\BulkUpsertDocumentation->handle(Object(App\DTOs\Documentation\DocumentationPayload), Object(Closure))
#3 C:\Users\ENGINEER\Herd\be\app\Commands\Documentation\SanitizeDocsContent.php(25): Illuminate\Pipeline\Pipeline->{closure:{closure:Illuminate\Pipeline\Pipeline::carry():194}:195}(Object(App\DTOs\Documentation\DocumentationPayload))
#4 C:\Users\ENGINEER\Herd\be\vendor\laravel\framework\src\Illuminate\Pipeline\Pipeline.php(219): App\Commands\Documentation\SanitizeDocsContent->handle(Object(App\DTOs\Documentation\DocumentationPayload), Object(Closure))
#5 C:\Users\ENGINEER\Herd\be\app\Commands\Shared\AssignMissingUuids.php(16): Illuminate\Pipeline\Pipeline->{closure:{closure:Illuminate\Pipeline\Pipeline::carry():194}:195}(Object(App\DTOs\Documentation\DocumentationPayload))
#6 C:\Users\ENGINEER\Herd\be\vendor\laravel\framework\src\Illuminate\Pipeline\Pipeline.php(219): App\Commands\Shared\AssignMissingUuids->handle(Object(App\DTOs\Documentation\DocumentationPayload), Object(Closure))
#7 C:\Users\ENGINEER\Herd\be\app\Commands\Shared\ValidateProductExists.php(29): Illuminate\Pipeline\Pipeline->{closure:{closure:Illuminate\Pipeline\Pipeline::carry():194}:195}(Object(App\DTOs\Documentation\DocumentationPayload))
#8 C:\Users\ENGINEER\Herd\be\vendor\laravel\framework\src\Illuminate\Pipeline\Pipeline.php(219): App\Commands\Shared\ValidateProductExists->handle(Object(App\DTOs\Documentation\DocumentationPayload), Object(Closure))
#9 C:\Users\ENGINEER\Herd\be\vendor\laravel\framework\src\Illuminate\Pipeline\Pipeline.php(137): Illuminate\Pipeline\Pipeline->{closure:{closure:Illuminate\Pipeline\Pipeline::carry():194}:195}(Object(App\DTOs\Documentation\DocumentationPayload))
#10 C:\Users\ENGINEER\Herd\be\vendor\laravel\framework\src\Illuminate\Pipeline\Pipeline.php(152): Illuminate\Pipeline\Pipeline->then(Object(Closure))
#11 C:\Users\ENGINEER\Herd\be\app\Processes\Process.php(27): Illuminate\Pipeline\Pipeline->thenReturn()
#12 C:\Users\ENGINEER\Herd\be\app\Http\Controllers\Api\V1\Documentation\DocumentationController.php(70): App\Processes\Process->run(Object(App\DTOs\Documentation\DocumentationPayload))
#13 C:\Users\ENGINEER\Herd\be\vendor\laravel\framework\src\Illuminate\Routing\ControllerDispatcher.php(46): App\Http\Controllers\Api\V1\Documentation\DocumentationController->update('019cd607-85fb-7...', Object(App\Http\Requests\Api\V1\Documentation\UpdateDocumentationRequest))
#14 C:\Users\ENGINEER\Herd\be\vendor\laravel\framework\src\Illuminate\Routing\Route.php(265): Illuminate\Routing\ControllerDispatcher->dispatch(Object(Illuminate\Routing\Route), Object(App\Http\Controllers\Api\V1\Documentation\DocumentationController), 'update')
#15 C:\Users\ENGINEER\Herd\be\vendor\laravel\framework\src\Illuminate\Routing\Route.php(211): Illuminate\Routing\Route->runController()
#16 C:\Users\ENGINEER\Herd\be\vendor\laravel\framework\src\Illuminate\Routing\Router.php(822): Illuminate\Routing\Route->run()
#17 C:\Users\ENGINEER\Herd\be\vendor\laravel\framework\src\Illuminate\Pipeline\Pipeline.php(180): Illuminate\Routing\Router->{closure:Illuminate\Routing\Router::runRouteWithinStack():821}(Object(Illuminate\Http\Request))
#18 C:\Users\ENGINEER\Herd\be\app\Http\Middleware\LogApiRequests.php(21): Illuminate\Pipeline\Pipeline->{closure:Illuminate\Pipeline\Pipeline::prepareDestination():178}(Object(Illuminate\Http\Request))
#19 C:\Users\ENGINEER\Herd\be\vendor\laravel\framework\src\Illuminate\Pipeline\Pipeline.php(219): App\Http\Middleware\LogApiRequests->handle(Object(Illuminate\Http\Request), Object(Closure))
#20 C:\Users\ENGINEER\Herd\be\vendor\grazulex\laravel-apiroute\src\Middleware\FallbackRoute.php(30): Illuminate\Pipeline\Pipeline->{closure:{closure:Illuminate\Pipeline\Pipeline::carry():194}:195}(Object(Illuminate\Http\Request))
#21 C:\Users\ENGINEER\Herd\be\vendor\laravel\framework\src\Illuminate\Pipeline\Pipeline.php(219): Grazulex\ApiRoute\Middleware\FallbackRoute->handle(Object(Illuminate\Http\Request), Object(Closure))
#22 C:\Users\ENGINEER\Herd\be\vendor\grazulex\laravel-apiroute\src\Middleware\RateLimitApiVersion.php(35): Illuminate\Pipeline\Pipeline->{closure:{closure:Illuminate\Pipeline\Pipeline::carry():194}:195}(Object(Illuminate\Http\Request))
#23 C:\Users\ENGINEER\Herd\be\vendor\laravel\framework\src\Illuminate\Pipeline\Pipeline.php(219): Grazulex\ApiRoute\Middleware\RateLimitApiVersion->handle(Object(Illuminate\Http\Request), Object(Closure))
#24 C:\Users\ENGINEER\Herd\be\vendor\grazulex\laravel-apiroute\src\Middleware\ResolveApiVersion.php(61): Illuminate\Pipeline\Pipeline->{closure:{closure:Illuminate\Pipeline\Pipeline::carry():194}:195}(Object(Illuminate\Http\Request))
#25 C:\Users\ENGINEER\Herd\be\vendor\laravel\framework\src\Illuminate\Pipeline\Pipeline.php(219): Grazulex\ApiRoute\Middleware\ResolveApiVersion->handle(Object(Illuminate\Http\Request), Object(Closure))
#26 C:\Users\ENGINEER\Herd\be\vendor\laravel\framework\src\Illuminate\Routing\Middleware\SubstituteBindings.php(50): Illuminate\Pipeline\Pipeline->{closure:{closure:Illuminate\Pipeline\Pipeline::carry():194}:195}(Object(Illuminate\Http\Request))
#27 C:\Users\ENGINEER\Herd\be\vendor\laravel\framework\src\Illuminate\Pipeline\Pipeline.php(219): Illuminate\Routing\Middleware\SubstituteBindings->handle(Object(Illuminate\Http\Request), Object(Closure))
#28 C:\Users\ENGINEER\Herd\be\vendor\laravel\framework\src\Illuminate\Pipeline\Pipeline.php(137): Illuminate\Pipeline\Pipeline->{closure:{closure:Illuminate\Pipeline\Pipeline::carry():194}:195}(Object(Illuminate\Http\Request))
#29 C:\Users\ENGINEER\Herd\be\vendor\laravel\framework\src\Illuminate\Routing\Router.php(821): Illuminate\Pipeline\Pipeline->then(Object(Closure))
#30 C:\Users\ENGINEER\Herd\be\vendor\laravel\framework\src\Illuminate\Routing\Router.php(800): Illuminate\Routing\Router->runRouteWithinStack(Object(Illuminate\Routing\Route), Object(Illuminate\Http\Request))
#31 C:\Users\ENGINEER\Herd\be\vendor\laravel\framework\src\Illuminate\Routing\Router.php(764): Illuminate\Routing\Router->runRoute(Object(Illuminate\Http\Request), Object(Illuminate\Routing\Route))
#32 C:\Users\ENGINEER\Herd\be\vendor\laravel\framework\src\Illuminate\Routing\Router.php(753): Illuminate\Routing\Router->dispatchToRoute(Object(Illuminate\Http\Request))
#33 C:\Users\ENGINEER\Herd\be\vendor\laravel\framework\src\Illuminate\Foundation\Http\Kernel.php(200): Illuminate\Routing\Router->dispatch(Object(Illuminate\Http\Request))
#34 C:\Users\ENGINEER\Herd\be\vendor\laravel\framework\src\Illuminate\Pipeline\Pipeline.php(180): Illuminate\Foundation\Http\Kernel->{closure:Illuminate\Foundation\Http\Kernel::dispatchToRouter():197}(Object(Illuminate\Http\Request))
#35 C:\Users\ENGINEER\Herd\be\vendor\laravel\framework\src\Illuminate\Foundation\Http\Middleware\TransformsRequest.php(21): Illuminate\Pipeline\Pipeline->{closure:Illuminate\Pipeline\Pipeline::prepareDestination():178}(Object(Illuminate\Http\Request))
#36 C:\Users\ENGINEER\Herd\be\vendor\laravel\framework\src\Illuminate\Foundation\Http\Middleware\ConvertEmptyStringsToNull.php(31): Illuminate\Foundation\Http\Middleware\TransformsRequest->handle(Object(Illuminate\Http\Request), Object(Closure))
#37 C:\Users\ENGINEER\Herd\be\vendor\laravel\framework\src\Illuminate\Pipeline\Pipeline.php(219): Illuminate\Foundation\Http\Middleware\ConvertEmptyStringsToNull->handle(Object(Illuminate\Http\Request), Object(Closure))
#38 C:\Users\ENGINEER\Herd\be\vendor\laravel\framework\src\Illuminate\Foundation\Http\Middleware\TransformsRequest.php(21): Illuminate\Pipeline\Pipeline->{closure:{closure:Illuminate\Pipeline\Pipeline::carry():194}:195}(Object(Illuminate\Http\Request))
#39 C:\Users\ENGINEER\Herd\be\vendor\laravel\framework\src\Illuminate\Foundation\Http\Middleware\TrimStrings.php(51): Illuminate\Foundation\Http\Middleware\TransformsRequest->handle(Object(Illuminate\Http\Request), Object(Closure))
#40 C:\Users\ENGINEER\Herd\be\vendor\laravel\framework\src\Illuminate\Pipeline\Pipeline.php(219): Illuminate\Foundation\Http\Middleware\TrimStrings->handle(Object(Illuminate\Http\Request), Object(Closure))
#41 C:\Users\ENGINEER\Herd\be\vendor\laravel\framework\src\Illuminate\Http\Middleware\ValidatePostSize.php(27): Illuminate\Pipeline\Pipeline->{closure:{closure:Illuminate\Pipeline\Pipeline::carry():194}:195}(Object(Illuminate\Http\Request))
#42 C:\Users\ENGINEER\Herd\be\vendor\laravel\framework\src\Illuminate\Pipeline\Pipeline.php(219): Illuminate\Http\Middleware\ValidatePostSize->handle(Object(Illuminate\Http\Request), Object(Closure))
#43 C:\Users\ENGINEER\Herd\be\vendor\laravel\framework\src\Illuminate\Foundation\Http\Middleware\PreventRequestsDuringMaintenance.php(109): Illuminate\Pipeline\Pipeline->{closure:{closure:Illuminate\Pipeline\Pipeline::carry():194}:195}(Object(Illuminate\Http\Request))
#44 C:\Users\ENGINEER\Herd\be\vendor\laravel\framework\src\Illuminate\Pipeline\Pipeline.php(219): Illuminate\Foundation\Http\Middleware\PreventRequestsDuringMaintenance->handle(Object(Illuminate\Http\Request), Object(Closure))
#45 C:\Users\ENGINEER\Herd\be\vendor\laravel\framework\src\Illuminate\Http\Middleware\HandleCors.php(74): Illuminate\Pipeline\Pipeline->{closure:{closure:Illuminate\Pipeline\Pipeline::carry():194}:195}(Object(Illuminate\Http\Request))
#46 C:\Users\ENGINEER\Herd\be\vendor\laravel\framework\src\Illuminate\Pipeline\Pipeline.php(219): Illuminate\Http\Middleware\HandleCors->handle(Object(Illuminate\Http\Request), Object(Closure))
#47 C:\Users\ENGINEER\Herd\be\vendor\laravel\framework\src\Illuminate\Http\Middleware\TrustProxies.php(58): Illuminate\Pipeline\Pipeline->{closure:{closure:Illuminate\Pipeline\Pipeline::carry():194}:195}(Object(Illuminate\Http\Request))
#48 C:\Users\ENGINEER\Herd\be\vendor\laravel\framework\src\Illuminate\Pipeline\Pipeline.php(219): Illuminate\Http\Middleware\TrustProxies->handle(Object(Illuminate\Http\Request), Object(Closure))
#49 C:\Users\ENGINEER\Herd\be\vendor\laravel\framework\src\Illuminate\Foundation\Http\Middleware\InvokeDeferredCallbacks.php(22): Illuminate\Pipeline\Pipeline->{closure:{closure:Illuminate\Pipeline\Pipeline::carry():194}:195}(Object(Illuminate\Http\Request))
#50 C:\Users\ENGINEER\Herd\be\vendor\laravel\framework\src\Illuminate\Pipeline\Pipeline.php(219): Illuminate\Foundation\Http\Middleware\InvokeDeferredCallbacks->handle(Object(Illuminate\Http\Request), Object(Closure))
#51 C:\Users\ENGINEER\Herd\be\vendor\laravel\framework\src\Illuminate\Http\Middleware\ValidatePathEncoding.php(26): Illuminate\Pipeline\Pipeline->{closure:{closure:Illuminate\Pipeline\Pipeline::carry():194}:195}(Object(Illuminate\Http\Request))
#52 C:\Users\ENGINEER\Herd\be\vendor\laravel\framework\src\Illuminate\Pipeline\Pipeline.php(219): Illuminate\Http\Middleware\ValidatePathEncoding->handle(Object(Illuminate\Http\Request), Object(Closure))
#53 C:\Users\ENGINEER\Herd\be\vendor\laravel\framework\src\Illuminate\Pipeline\Pipeline.php(137): Illuminate\Pipeline\Pipeline->{closure:{closure:Illuminate\Pipeline\Pipeline::carry():194}:195}(Object(Illuminate\Http\Request))
#54 C:\Users\ENGINEER\Herd\be\vendor\laravel\framework\src\Illuminate\Foundation\Http\Kernel.php(175): Illuminate\Pipeline\Pipeline->then(Object(Closure))
#55 C:\Users\ENGINEER\Herd\be\vendor\laravel\framework\src\Illuminate\Foundation\Http\Kernel.php(144): Illuminate\Foundation\Http\Kernel->sendRequestThroughRouter(Object(Illuminate\Http\Request))
#56 C:\Users\ENGINEER\Herd\be\vendor\laravel\framework\src\Illuminate\Foundation\Testing\Concerns\MakesHttpRequests.php(607): Illuminate\Foundation\Http\Kernel->handle(Object(Illuminate\Http\Request))
#57 C:\Users\ENGINEER\Herd\be\vendor\laravel\framework\src\Illuminate\Foundation\Testing\Concerns\MakesHttpRequests.php(573): Illuminate\Foundation\Testing\TestCase->call('PUT', '/api/v1/product...', Array, Array, Array, Array, '{"sections":[]}')
#58 C:\Users\ENGINEER\Herd\be\vendor\laravel\framework\src\Illuminate\Foundation\Testing\Concerns\MakesHttpRequests.php(441): Illuminate\Foundation\Testing\TestCase->json('PUT', '/api/v1/product...', Array, Array, 0)
#59 [internal function]: Illuminate\Foundation\Testing\TestCase->putJson('/api/v1/product...', Array)
#60 C:\Users\ENGINEER\Herd\be\vendor\pestphp\pest\src\Support\Reflection.php(37): ReflectionMethod->invoke(Object(P\Tests\Feature\Api\V1\Documentation\DocumentationControllerTest), '/api/v1/product...', Array)
#61 C:\Users\ENGINEER\Herd\be\vendor\pestphp\pest\src\Support\HigherOrderMessage.php(58): Pest\Support\Reflection::call(Object(P\Tests\Feature\Api\V1\Documentation\DocumentationControllerTest), 'putJson', Array)
#62 C:\Users\ENGINEER\Herd\be\vendor\pestphp\pest\src\Support\HigherOrderTapProxy.php(64): Pest\Support\HigherOrderMessage->call(Object(P\Tests\Feature\Api\V1\Documentation\DocumentationControllerTest))
#63 C:\Users\ENGINEER\Herd\be\vendor\pestphp\pest-plugin-laravel\src\Http.php(239): Pest\Support\HigherOrderTapProxy->__call('putJson', Array)
#64 C:\Users\ENGINEER\Herd\be\tests\Feature\Api\V1\Documentation\DocumentationControllerTest.php(98): Pest\Laravel\putJson('/api/v1/product...', Array)
#65 C:\Users\ENGINEER\Herd\be\vendor\pestphp\pest\src\Factories\TestCaseMethodFactory.php(168): P\Tests\Feature\Api\V1\Documentation\DocumentationControllerTest->{closure:C:\Users\ENGINEER\Herd\be\tests\Feature\Api\V1\Documentation\DocumentationControllerTest.php:70}()
#66 [internal function]: P\Tests\Feature\Api\V1\Documentation\DocumentationControllerTest->{closure:Pest\Factories\TestCaseMethodFactory::getClosure():158}()
#67 C:\Users\ENGINEER\Herd\be\vendor\pestphp\pest\src\Concerns\Testable.php(429): call_user_func_array(Object(Closure), Array)
#68 C:\Users\ENGINEER\Herd\be\vendor\pestphp\pest\src\Support\ExceptionTrace.php(26): P\Tests\Feature\Api\V1\Documentation\DocumentationControllerTest->{closure:Pest\Concerns\Testable::__callClosure():429}()
#69 C:\Users\ENGINEER\Herd\be\vendor\pestphp\pest\src\Concerns\Testable.php(429): Pest\Support\ExceptionTrace::ensure(Object(Closure))
#70 C:\Users\ENGINEER\Herd\be\vendor\pestphp\pest\src\Concerns\Testable.php(331): P\Tests\Feature\Api\V1\Documentation\DocumentationControllerTest->__callClosure(Object(Closure), Array)
#71 C:\Users\ENGINEER\Herd\be\vendor\pestphp\pest\src\Factories\TestCaseFactory.php(169) : eval()'d code(26): P\Tests\Feature\Api\V1\Documentation\DocumentationControllerTest->__runTest(Object(Closure))
#72 C:\Users\ENGINEER\Herd\be\vendor\phpunit\phpunit\src\Framework\TestCase.php(1332): P\Tests\Feature\Api\V1\Documentation\DocumentationControllerTest->__pest_evaluable_it_performs_a_full_update_and_deletes_missing_items()
#73 C:\Users\ENGINEER\Herd\be\vendor\phpunit\phpunit\src\Framework\TestCase.php(519): PHPUnit\Framework\TestCase->runTest()
#74 C:\Users\ENGINEER\Herd\be\vendor\phpunit\phpunit\src\Framework\TestRunner\TestRunner.php(99): PHPUnit\Framework\TestCase->runBare()
#75 C:\Users\ENGINEER\Herd\be\vendor\phpunit\phpunit\src\Framework\TestCase.php(359): PHPUnit\Framework\TestRunner->run(Object(P\Tests\Feature\Api\V1\Documentation\DocumentationControllerTest))
#76 C:\Users\ENGINEER\Herd\be\vendor\phpunit\phpunit\src\Framework\TestSuite.php(374): PHPUnit\Framework\TestCase->run()
#77 C:\Users\ENGINEER\Herd\be\vendor\phpunit\phpunit\src\Framework\TestSuite.php(374): PHPUnit\Framework\TestSuite->run()
#78 C:\Users\ENGINEER\Herd\be\vendor\phpunit\phpunit\src\Framework\TestSuite.php(374): PHPUnit\Framework\TestSuite->run()
#79 C:\Users\ENGINEER\Herd\be\vendor\phpunit\phpunit\src\TextUI\TestRunner.php(64): PHPUnit\Framework\TestSuite->run()
#80 C:\Users\ENGINEER\Herd\be\vendor\phpunit\phpunit\src\TextUI\Application.php(229): PHPUnit\TextUI\TestRunner->run(Object(PHPUnit\TextUI\Configuration\Configuration), Object(PHPUnit\Runner\ResultCache\DefaultResultCache), Object(PHPUnit\Framework\TestSuite))
#81 C:\Users\ENGINEER\Herd\be\vendor\pestphp\pest\src\Kernel.php(103): PHPUnit\TextUI\Application->run(Array)
#82 C:\Users\ENGINEER\Herd\be\vendor\pestphp\pest\bin\pest(184): Pest\Kernel->handle(Array, Array)
#83 C:\Users\ENGINEER\Herd\be\vendor\pestphp\pest\bin\pest(192): {closure:C:\Users\ENGINEER\Herd\be\vendor\pestphp\pest\bin\pest:18}()
#84 {main}

----------------------------------------------------------------------------------

Undefined variable $sections

  at tests\Feature\Api\V1\Documentation\DocumentationControllerTest.php:100
     96Γûò 
     97Γûò     // Now send empty sections
     98Γûò     putJson(sprintf('/api/v1/products/%s/docs', $product->id), [
     99Γûò         'sections' => [],
  Γ₧£ 100Γûò     ])->assertOk();
    101Γûò 
    102Γûò     // Expect GET to return empty items since missing items are deleted
    103Γûò     getJson(sprintf('/api/v1/products/%s/docs', $product->id))
    104Γûò         ->assertOk()


  Tests:    1 failed, 7 passed (30 assertions)
  Duration: 0.88s

